----------------------------------------------------------------
-Pin Report - Date: Thu Jul 31 15:50:49 2025 Pinchecksum: NOT-AVAILABLE
-Product: Designer
-Release: v2023.1
-Version: 2023.1.0.6
-Design Name: NAND_FLASH
-Family: SmartFusion2
-Die: M2S050
-Package: 484 FBGA
-----------------------------------------------------------------

Port         |Pin |Fixed |Function                                            |Bank     |I/O Std   |Direction                      |I/O state in Flash*Freeze mode |Resistor Pull                      |I/O available in Flash*Freeze mode |Schmitt Trigger |Odt_Static    |Odt Imp (Ohm)  |Low Power Exit |Input Delay |Slew         |Pre-Emphasis      |Output Drive (mA) |Output Load (pF) |
-------------|----|------|----------------------------------------------------|---------|----------|-------------------------------|-------------------------------|-----------------------------------|-----------------------------------|----------------|--------------|---------------|---------------|------------|-------------|------------------|------------------|-----------------|
DEVRST_N      R15  Fixed  DEVRST_N                                             ---       
MMUART_0_RXD  C22  Yes    MSIO47PB1/MMUART_0_RXD/GPIO_28_B                     Bank1     LVCMOS33   Input                           TRISTATE                        None                                No                                  Off              ---            ---             Off             Off          ---           ---                ---                ---               
MMUART_0_TXD  D21  Yes    MSI46NB1/MMUART_0_TXD/GPIO_27_B                      Bank1     LVCMOS33   Output                          TRISTATE                        None                                No                                  ---              ---            ---             ---             ---          ---           ---                4                  5                 
nand_ale      K17  Yes    MSIO23PB3/SPI_0_SS3/GPIO_10_A                        Bank3     LVCMOS33   Output                          TRISTATE                        None                                No                                  ---              ---            ---             ---             ---          ---           ---                4                  5                 
nand_cle      F18  Yes    MSIO44NB1/MMUART_0_DSR/GPIO_20_B                     Bank1     LVCMOS33   Output                          TRISTATE                        None                                No                                  ---              ---            ---             ---             ---          ---           ---                4                  5                 
nand_data[0]  F20  Yes    MSIO43NB1/MMUART_0_DTR/GPIO_18_B                     Bank1     LVCMOS33   Inout                           TRISTATE                        None                                No                                  Off              ---            ---             Off             Off          ---           ---                4                  5                 
nand_data[1]  F21  Yes    MSIO43PB1/MMUART_0_RTS/GPIO_17_B                     Bank1     LVCMOS33   Inout                           TRISTATE                        None                                No                                  Off              ---            ---             Off             Off          ---           ---                4                  5                 
nand_data[2]  K20  Yes    MSIO19NB3/SPI_1_SS7/GPIO_24_A                        Bank3     LVCMOS33   Inout                           TRISTATE                        None                                No                                  Off              ---            ---             Off             Off          ---           ---                4                  5                 
nand_data[3]  K21  Yes    MSIO19PB3/SPI_1_SS6/GPIO_23_A                        Bank3     LVCMOS33   Inout                           TRISTATE                        None                                No                                  Off              ---            ---             Off             Off          ---           ---                4                  5                 
nand_data[4]  E22  Yes    MSIO45PB1/MMUART_0_RI/GPIO_21_B                      Bank1     LVCMOS33   Inout                           TRISTATE                        None                                No                                  Off              ---            ---             Off             Off          ---           ---                4                  5                 
nand_data[5]  E21  Yes    MSIO45NB1/MMUART_0_DCD/GPIO_22_B                     Bank1     LVCMOS33   Inout                           TRISTATE                        None                                No                                  Off              ---            ---             Off             Off          ---           ---                4                  5                 
nand_data[6]  B22  Yes    MSIO47NB1/MMUART_0_CLK/GPIO_29_B                     Bank1     LVCMOS33   Inout                           TRISTATE                        None                                No                                  Off              ---            ---             Off             Off          ---           ---                4                  5                 
nand_data[7]  U19  Yes    MSIO0PB3                                             Bank3     LVCMOS33   Inout                           TRISTATE                        None                                No                                  Off              ---            ---             Off             Off          ---           ---                4                  5                 
nand_nce      L18  Yes    MSIO18NB3/SPI_1_SS5/GPIO_18_A                        Bank3     LVCMOS33   Output                          TRISTATE                        None                                No                                  ---              ---            ---             ---             ---          ---           ---                4                  5                 
nand_nce2     F19  Yes    MSIO44PB1/MMUART_0_CTS/GPIO_19_B                     Bank1     LVCMOS33   Output                          TRISTATE                        None                                No                                  ---              ---            ---             ---             ---          ---           ---                4                  5                 
nand_nre      L19  Yes    MSIO18PB3/SPI_1_SS4/GPIO_17_A                        Bank3     LVCMOS33   Output                          TRISTATE                        None                                No                                  ---              ---            ---             ---             ---          ---           ---                4                  5                 
nand_nwe      P18  Yes    MSIO6NB3                                             Bank3     LVCMOS33   Output                          TRISTATE                        None                                No                                  ---              ---            ---             ---             ---          ---           ---                4                  5                 
nand_nwp      N16  Yes    MSIO8PB3/CAN_RX/GPIO_3_A                             Bank3     LVCMOS33   Output                          TRISTATE                        None                                No                                  ---              ---            ---             ---             ---          ---           ---                4                  5                 
nand_rnb      G19  Yes    MSIO42PB1/GB14/VCCC_SE1_CLKI/MMUART_1_CLK/GPIO_25_B  Bank1     LVCMOS33   Input                           TRISTATE                        None                                No                                  Off              ---            ---             Off             Off          ---           ---                ---                ---               
nand_rnb2     H20  Yes    MSIO41PB1/GB10/VCCC_SE0_CLKI                         Bank1     LVCMOS33   Input                           TRISTATE                        None                                No                                  Off              ---            ---             Off             Off          ---           ---                ---                ---               
